// Jest Snapshot v1, https://goo.gl/fbAQLP

exports[`Ahk interface 1`] = `
AhkBuilder {
  "Exit": [Function],
  "GetKeyState": [Function],
  "IfWinActive": [Function],
  "InstallKeybdHook": [Function],
  "InstallMouseHook": [Function],
  "MaxHotkeysPerInterval": [Function],
  "MaxThreadsperHotkey": [Function],
  "Persistent": [Function],
  "Reload": [Function],
  "Send": [Function],
  "SendInput": [Function],
  "SendMode": [Function],
  "SetBatchLines": [Function],
  "SetKeyDelay": [Function],
  "SetMouseDelay": [Function],
  "SingeInstance": [Function],
  "Sleep": [Function],
  "SoundBeep": [Function],
  "Suspend": [Function],
  "WinActive": [Function],
  "declaredLibraryDeps": Array [],
  "inlineLibraries": Object {},
  "stack": Array [],
}
`;

exports[`bound functions and libraries 1`] = `
"
;;;
;;; Inline dependencies:
;;;

add(a, b){
return a + b
}

;;;
;;; Inline dependencies:
;;;

#IfWinActive, banana
x::
  add(2, 3)  Send, {Space}

Return

"
`;

exports[`global commands, directives and functions 1`] = `
"
#IfWinActive, ahk_class foo
#InstallKeybdHook
#InstallMouseHook
#Persistent
#SingeInstance, Force
#MaxHotkeysPerInterval, 200
SetBatchLines, 5ms
Send, {Alt}
Sleep, 100
SendInput, {Alt}
GetKeyState(\\"LShift\\", \\"P\\")
SoundBeep, 200, 10
Reload
Suspend, Toggle
Exit

"
`;
